
🛡️  AI EXECUTION FIREWALL - SAFETY CHECK

──────────────────────────────────────────────────
Model: gpt-4
Tokens: 15 input + 8 output
Estimated Cost: $0.0009
──────────────────────────────────────────────────


✅ SAFE TO PROCEED

This request passes all safety checks.
No cost waste detected.

💰 Your budget is protected!

──────────────────────────────────────────────────
💡 Start Firewall: aifw start to protect all your AI API calls

